exports[`getInfo method when invoking the method should return the list of dependencies 1`] = `
Object {
  "handlebars": "^4.0.6",
}
`;

exports[`getInfo method when invoking the method should return the list of externals 1`] = `
Array [
  Object {
    "global": "Handlebars",
    "url": "https://cdnjs.cloudflare.com/ajax/libs/handlebars.js/4.0.5/handlebars.runtime.min.js",
  },
]
`;
